// Jest Snapshot v1, https://goo.gl/fbAQLP

exports[`App component matches the snapshot 1`] = `
<div
  className="App"
>
  <p>
    Count: 
    0
  </p>
  <button
    className="increment"
    onClick={[Function]}
    type="button"
  >
    Click me
  </button>
</div>
`;
